node : C:\Users\lenovo\Desktop\Share
market\server\node_modules\@prisma\c
lient\runtime\client.js:70
At line:1 char:1
+ node prisma/seed.js > 
error_log.txt 2>&1 ; cat 
error_log.txt
+ ~~~~~~~~~~~~~~~~~~~~~~~~~~~~~~~~~~
~~~~~~
    + CategoryInfo          : NotSp 
   ecified: (C:\Users\lenovo...me\  
  client.js:70:String) [], Remote   
 Exception
    + FullyQualifiedErrorId : Nativ 
   eCommandError
 
${n}`}var Ul=require("@prisma/client
-runtime-utils");function 
Bl(e){return e.length===0?Promise.re
solve([]):new Promise((t,r)=>{let 
n=new Array(e.length),i=null,o=!1,s=
0,a=()=>{o||(s++,s===e.length&&(o=!0
,i?r(i):t(n)))},l=u=>{o||(o=!0,r(u))
};for(let u=0;u<e.length;u++)e[u].th
en(c=>{n[u]=c,a()},c=>{if(!(0,Ul.has
BatchIndex)(c)){l(c);return}c.batchR
equestIdx===u?l(c):(i||(i=c),a())})}
)}var rt=_("prisma:client");typeof g
lobalThis=="object"&&(globalThis.NOD
E_CLIENT=!0);var Nm={requestArgsToMi
ddlewareArgs:e=>e,middlewareArgsToRe
questArgs:e=>e},Wl=Symbol.for("prism
a.client.transaction.scope_context")
;function Ql(e){let 
r=e[Wl];if(r===void 0)return{kind:"t
op-level"};if(Dm(r))return r;throw 
new Error("Internal error: 
inconsistent transaction scope 
context.")}function Dm(e){if(typeof 
e!="object"||e===null)return!1;let 
t=e;return 
t.kind==="nested"&&typeof 
t.txId=="string"&&typeof t.scopeId==
"string"&&Mm(t.scopeState)}function 
Mm(e){return typeof e!="object"||e==
=null?!1:Array.isArray(e.stack)}func
tion Fm(){return typeof globalThis.c
rypto?.randomUUID=="function"?global
This.crypto.randomUUID():`${Date.now
()}-${Math.random().toString(16).sli
ce(2)}`}var _m={id:0,nextId(){return
++this.id}};function Kl(e){class t{_
originalClient=this;_runtimeDataMode
l;_requestHandler;_connectionPromise
;_disconnectionPromise;_engineConfig
;_accelerateEngineConfig;_clientVers
ion;_errorFormat;_tracingHelper;_pre
viewFeatures;_activeProvider;_global
Omit;_extensions;_engine;_appliedPar
ent;_createPrismaPromise=pi();constr
uctor(n){if(!n)throw new b.PrismaCli
entInitializationError("`PrismaClien
t` needs to be constructed with a 
non-empty, valid 
`PrismaClientOptions`:\n\n```\nnew 
PrismaClient({\n  ...\n})\n```\n\nor
\n\n```\nconstructor() {\n  super({ 
... });\n}\n```\n          ",yi);e=n
.__internal?.configOverride?.(e)??e,
jl(n,e);let i=new zl.EventEmitter().
on("error",()=>{});this._extensions=
Qe.empty(),this._previewFeatures=e.p
reviewFeatures,this._clientVersion=e
.clientVersion??yi,this._activeProvi
der=e.activeProvider,this._globalOmi
t=n?.omit,this._tracingHelper=kl();l
et o;if(n.adapter){o=n.adapter;let s
=e.activeProvider==="postgresql"||e.
activeProvider==="cockroachdb"?"post
gres":e.activeProvider;if(o.provider
!==s)throw new b.PrismaClientInitial
izationError(`The Driver Adapter 
\`${o.adapterName}\`, based on 
\`${o.provider}\`, is not 
compatible with the provider 
\`${s}\` specified in the Prisma sch
ema.`,this._clientVersion)}try{let s
=n??{},l=(s.__internal??{}).debug===
!0;if(l&&_.enable("prisma:client"),s
.errorFormat?this._errorFormat=s.err
orFormat:process.env.NODE_ENV==="pro
duction"?this._errorFormat="minimal"
:process.env.NO_COLOR?this._errorFor
mat="colorless":this._errorFormat="c
olorless",this._runtimeDataModel=e.r
untimeDataModel,this._engineConfig={
enableDebugLogs:l,logLevel:s.log&&Ol
(s.log),logQueries:s.log&&!!(typeof 
s.log=="string"?s.log==="query":s.lo
g.find(u=>typeof u=="string"?u==="qu
ery":u.level==="query")),compilerWas
m:e.compilerWasm,clientVersion:e.cli
entVersion,previewFeatures:this._pre
viewFeatures,activeProvider:e.active
Provider,inlineSchema:e.inlineSchema
,tracingHelper:this._tracingHelper,t
ransactionOptions:{maxWait:s.transac
tionOptions?.maxWait??2e3,timeout:s.
transactionOptions?.timeout??5e3,iso
lationLevel:s.transactionOptions?.is
olationLevel},logEmitter:i,adapter:o
,accelerateUrl:s.accelerateUrl,sqlCo
mmenters:s.comments,parameterization
Schema:e.parameterizationSchema,runt
imeDataModel:e.runtimeDataModel},thi
s._accelerateEngineConfig=Object.cre
ate(this._engineConfig),this._accele
rateEngineConfig.accelerateUtils={re
solveDatasourceUrl:()=>{if(s.acceler
ateUrl)return s.accelerateUrl;throw 
new b.PrismaClientInitializationErro
r(`\`accelerateUrl\` is required 
when using 
\`@prisma/extension-accelerate\`:
                                    
                                    
                                    
                                    
                                    
                                    
                                    
                                    
                                    
                                    
                                    
                                    
                                    
                                    
                                    
                                    
                                    
                                    
                                    
                                    
                                    
                                    
                                    
                                    
                                    
                                    
                                    
                                    
            

PrismaClientInitializationError: 
`PrismaClient` needs to be 
constructed with a non-empty, valid 
`PrismaClientOptions`:

```
new PrismaClient({
  ...
})
```

or

```
constructor() {
  super({ ... });
}
```
          
    at new t (C:\Users\lenovo\Deskto
p\Sharemarket\server\node_modules\@p
risma\client\runtime\client.js:70:15
27)
    at Object.<anonymous> (C:\Users\
lenovo\Desktop\Sharemarket\server\pr
isma\seed.js:3:16)
    at Module._compile (node:interna
l/modules/cjs/loader:1521:14)
    at Module._extensions..js (node:
internal/modules/cjs/loader:1623:10)
    at Module.load (node:internal/mo
dules/cjs/loader:1266:32)
    at Module._load (node:internal/m
odules/cjs/loader:1091:12)
    at 
Function.executeUserEntryPoint [as 
runMain] (node:internal/modules/run_
main:164:12)
    at node:internal/main/run_main_m
odule:28:49 {
  clientVersion: '7.5.0',
  errorCode: undefined,
  retryable: undefined
}

Node.js v20.20.0
